// Jest Snapshot v1, https://goo.gl/fbAQLP

exports[`pruebas en <RealExampleRef></RealExampleRef>  debe renderizarse el snapshot  1`] = `
<div>
  <h1>
    RealExampleRef
  </h1>
  <hr />
  <button
    className="btn btn-secondary mt-5"
    onClick={[Function]}
  >
    ver/ocultar
  </button>
</div>
`;
