// Jest Snapshot v1, https://goo.gl/fbAQLP

exports[`pruebas en <TodoListItem></TodoListItem> debe renderizarse el componente  1`] = `
<li
  className="list-group-item"
  key="1"
>
  <p
    className="false"
    onClick={[Function]}
  >
    1
    . 
    APRENDER REACT
  </p>
  <button
    className="btn btn-danger"
    onClick={[Function]}
  >
    borrar
  </button>
</li>
`;
